[INFO] Scanning for projects...
[INFO] 
[INFO] ------------------------< com.system:MoraPack >-------------------------
[INFO] Building MoraPack 0.0.1-SNAPSHOT
[INFO]   from pom.xml
[INFO] --------------------------------[ jar ]---------------------------------
[INFO] 
[INFO] >>> spring-boot:3.5.5:run (default-cli) > test-compile @ MoraPack >>>
[INFO] 
[INFO] --- resources:3.3.1:resources (default-resources) @ MoraPack ---
[INFO] Copying 1 resource from src/main/resources to target/classes
[INFO] Copying 0 resource from src/main/resources to target/classes
[INFO] 
[INFO] --- compiler:3.14.0:compile (default-compile) @ MoraPack ---
[INFO] Nothing to compile - all classes are up to date.
[INFO] 
[INFO] --- resources:3.3.1:testResources (default-testResources) @ MoraPack ---
[INFO] skip non existing resourceDirectory /home/krowslyare/new/MoraPack/backend/src/test/resources
[INFO] 
[INFO] --- compiler:3.14.0:testCompile (default-testCompile) @ MoraPack ---
[INFO] Nothing to compile - all classes are up to date.
[INFO] 
[INFO] <<< spring-boot:3.5.5:run (default-cli) < test-compile @ MoraPack <<<
[INFO] 
[INFO] 
[INFO] --- spring-boot:3.5.5:run (default-cli) @ MoraPack ---
[INFO] Attaching agents: []

  .   ____          _            __ _ _
 /\\ / ___'_ __ _ _(_)_ __  __ _ \ \ \ \
( ( )\___ | '_ | '_| | '_ \/ _` | \ \ \ \
 \\/  ___)| |_)| | | | | || (_| |  ) ) ) )
  '  |____| .__|_| |_|_| |_\__, | / / / /
 =========|_|==============|___/=/_/_/_/

 :: Spring Boot ::                (v3.5.5)

2025-12-11T01:09:24.139-05:00  INFO 24080 --- [MoraPack] [  restartedMain] c.system.morapack.MoraPackApplication    : Starting MoraPackApplication using Java 21.0.8 with PID 24080 (/home/krowslyare/new/MoraPack/backend/target/classes started by krowslyare in /home/krowslyare/new/MoraPack/backend)
2025-12-11T01:09:24.141-05:00  INFO 24080 --- [MoraPack] [  restartedMain] c.system.morapack.MoraPackApplication    : No active profile set, falling back to 1 default profile: "default"
2025-12-11T01:09:24.196-05:00  INFO 24080 --- [MoraPack] [  restartedMain] .e.DevToolsPropertyDefaultsPostProcessor : Devtools property defaults active! Set 'spring.devtools.add-properties' to 'false' to disable
2025-12-11T01:09:24.196-05:00  INFO 24080 --- [MoraPack] [  restartedMain] .e.DevToolsPropertyDefaultsPostProcessor : For additional web related logging consider setting the 'logging.level.web' property to 'DEBUG'
2025-12-11T01:09:24.220-05:00  INFO 24080 --- [MoraPack] [  restartedMain] .s.b.d.c.l.DockerComposeLifecycleManager : Using Docker Compose file /home/krowslyare/new/MoraPack/backend/compose.yaml
2025-12-11T01:09:24.842-05:00  INFO 24080 --- [MoraPack] [  restartedMain] .s.b.d.c.l.DockerComposeLifecycleManager : There are already Docker Compose services running, skipping startup
2025-12-11T01:09:25.778-05:00  INFO 24080 --- [MoraPack] [  restartedMain] .s.d.r.c.RepositoryConfigurationDelegate : Bootstrapping Spring Data JPA repositories in DEFAULT mode.
2025-12-11T01:09:25.872-05:00  INFO 24080 --- [MoraPack] [  restartedMain] o.s.b.f.s.DefaultListableBeanFactory     : Overriding bean definition for bean 'accountRepository' with a different definition: replacing [Root bean: class=org.springframework.data.jpa.repository.support.JpaRepositoryFactoryBean; scope=; abstract=false; lazyInit=false; autowireMode=0; dependencyCheck=0; autowireCandidate=true; primary=false; fallback=false; factoryBeanName=null; factoryMethodName=null; initMethodNames=null; destroyMethodNames=null; defined in com.system.morapack.dao.morapack_psql.repository.AccountRepository defined in @EnableJpaRepositories declared on JpaRepositoriesRegistrar.EnableJpaRepositoriesConfiguration] with [Root bean: class=org.springframework.data.jpa.repository.support.JpaRepositoryFactoryBean; scope=; abstract=false; lazyInit=false; autowireMode=0; dependencyCheck=0; autowireCandidate=true; primary=false; fallback=false; factoryBeanName=null; factoryMethodName=null; initMethodNames=null; destroyMethodNames=null; defined in com.system.morapack.dao.morapack_psql.repository.AccountRepository defined in @EnableJpaRepositories declared on JpaRepositoriesRegistrar.EnableJpaRepositoriesConfiguration]
2025-12-11T01:09:25.874-05:00  INFO 24080 --- [MoraPack] [  restartedMain] o.s.b.f.s.DefaultListableBeanFactory     : Overriding bean definition for bean 'airplaneRepository' with a different definition: replacing [Root bean: class=org.springframework.data.jpa.repository.support.JpaRepositoryFactoryBean; scope=; abstract=false; lazyInit=false; autowireMode=0; dependencyCheck=0; autowireCandidate=true; primary=false; fallback=false; factoryBeanName=null; factoryMethodName=null; initMethodNames=null; destroyMethodNames=null; defined in com.system.morapack.dao.morapack_psql.repository.AirplaneRepository defined in @EnableJpaRepositories declared on JpaRepositoriesRegistrar.EnableJpaRepositoriesConfiguration] with [Root bean: class=org.springframework.data.jpa.repository.support.JpaRepositoryFactoryBean; scope=; abstract=false; lazyInit=false; autowireMode=0; dependencyCheck=0; autowireCandidate=true; primary=false; fallback=false; factoryBeanName=null; factoryMethodName=null; initMethodNames=null; destroyMethodNames=null; defined in com.system.morapack.dao.morapack_psql.repository.AirplaneRepository defined in @EnableJpaRepositories declared on JpaRepositoriesRegistrar.EnableJpaRepositoriesConfiguration]
2025-12-11T01:09:25.876-05:00  INFO 24080 --- [MoraPack] [  restartedMain] o.s.b.f.s.DefaultListableBeanFactory     : Overriding bean definition for bean 'cityRepository' with a different definition: replacing [Root bean: class=org.springframework.data.jpa.repository.support.JpaRepositoryFactoryBean; scope=; abstract=false; lazyInit=false; autowireMode=0; dependencyCheck=0; autowireCandidate=true; primary=false; fallback=false; factoryBeanName=null; factoryMethodName=null; initMethodNames=null; destroyMethodNames=null; defined in com.system.morapack.dao.morapack_psql.repository.CityRepository defined in @EnableJpaRepositories declared on JpaRepositoriesRegistrar.EnableJpaRepositoriesConfiguration] with [Root bean: class=org.springframework.data.jpa.repository.support.JpaRepositoryFactoryBean; scope=; abstract=false; lazyInit=false; autowireMode=0; dependencyCheck=0; autowireCandidate=true; primary=false; fallback=false; factoryBeanName=null; factoryMethodName=null; initMethodNames=null; destroyMethodNames=null; defined in com.system.morapack.dao.morapack_psql.repository.CityRepository defined in @EnableJpaRepositories declared on JpaRepositoriesRegistrar.EnableJpaRepositoriesConfiguration]
2025-12-11T01:09:25.877-05:00  INFO 24080 --- [MoraPack] [  restartedMain] o.s.b.f.s.DefaultListableBeanFactory     : Overriding bean definition for bean 'algorithmParameterRepository' with a different definition: replacing [Root bean: class=org.springframework.data.jpa.repository.support.JpaRepositoryFactoryBean; scope=; abstract=false; lazyInit=false; autowireMode=0; dependencyCheck=0; autowireCandidate=true; primary=false; fallback=false; factoryBeanName=null; factoryMethodName=null; initMethodNames=null; destroyMethodNames=null; defined in com.system.morapack.dao.morapack_psql.repository.AlgorithmParameterRepository defined in @EnableJpaRepositories declared on JpaRepositoriesRegistrar.EnableJpaRepositoriesConfiguration] with [Root bean: class=org.springframework.data.jpa.repository.support.JpaRepositoryFactoryBean; scope=; abstract=false; lazyInit=false; autowireMode=0; dependencyCheck=0; autowireCandidate=true; primary=false; fallback=false; factoryBeanName=null; factoryMethodName=null; initMethodNames=null; destroyMethodNames=null; defined in com.system.morapack.dao.morapack_psql.repository.AlgorithmParameterRepository defined in @EnableJpaRepositories declared on JpaRepositoriesRegistrar.EnableJpaRepositoriesConfiguration]
2025-12-11T01:09:25.880-05:00  INFO 24080 --- [MoraPack] [  restartedMain] o.s.b.f.s.DefaultListableBeanFactory     : Overriding bean definition for bean 'performanceMetricRepository' with a different definition: replacing [Root bean: class=org.springframework.data.jpa.repository.support.JpaRepositoryFactoryBean; scope=; abstract=false; lazyInit=false; autowireMode=0; dependencyCheck=0; autowireCandidate=true; primary=false; fallback=false; factoryBeanName=null; factoryMethodName=null; initMethodNames=null; destroyMethodNames=null; defined in com.system.morapack.dao.morapack_psql.repository.PerformanceMetricRepository defined in @EnableJpaRepositories declared on JpaRepositoriesRegistrar.EnableJpaRepositoriesConfiguration] with [Root bean: class=org.springframework.data.jpa.repository.support.JpaRepositoryFactoryBean; scope=; abstract=false; lazyInit=false; autowireMode=0; dependencyCheck=0; autowireCandidate=true; primary=false; fallback=false; factoryBeanName=null; factoryMethodName=null; initMethodNames=null; destroyMethodNames=null; defined in com.system.morapack.dao.morapack_psql.repository.PerformanceMetricRepository defined in @EnableJpaRepositories declared on JpaRepositoriesRegistrar.EnableJpaRepositoriesConfiguration]
2025-12-11T01:09:25.886-05:00  INFO 24080 --- [MoraPack] [  restartedMain] o.s.b.f.s.DefaultListableBeanFactory     : Overriding bean definition for bean 'productRepository' with a different definition: replacing [Root bean: class=org.springframework.data.jpa.repository.support.JpaRepositoryFactoryBean; scope=; abstract=false; lazyInit=false; autowireMode=0; dependencyCheck=0; autowireCandidate=true; primary=false; fallback=false; factoryBeanName=null; factoryMethodName=null; initMethodNames=null; destroyMethodNames=null; defined in com.system.morapack.dao.morapack_psql.repository.ProductRepository defined in @EnableJpaRepositories declared on JpaRepositoriesRegistrar.EnableJpaRepositoriesConfiguration] with [Root bean: class=org.springframework.data.jpa.repository.support.JpaRepositoryFactoryBean; scope=; abstract=false; lazyInit=false; autowireMode=0; dependencyCheck=0; autowireCandidate=true; primary=false; fallback=false; factoryBeanName=null; factoryMethodName=null; initMethodNames=null; destroyMethodNames=null; defined in com.system.morapack.dao.morapack_psql.repository.ProductRepository defined in @EnableJpaRepositories declared on JpaRepositoriesRegistrar.EnableJpaRepositoriesConfiguration]
2025-12-11T01:09:25.887-05:00  INFO 24080 --- [MoraPack] [  restartedMain] o.s.b.f.s.DefaultListableBeanFactory     : Overriding bean definition for bean 'flightRepository' with a different definition: replacing [Root bean: class=org.springframework.data.jpa.repository.support.JpaRepositoryFactoryBean; scope=; abstract=false; lazyInit=false; autowireMode=0; dependencyCheck=0; autowireCandidate=true; primary=false; fallback=false; factoryBeanName=null; factoryMethodName=null; initMethodNames=null; destroyMethodNames=null; defined in com.system.morapack.dao.morapack_psql.repository.FlightRepository defined in @EnableJpaRepositories declared on JpaRepositoriesRegistrar.EnableJpaRepositoriesConfiguration] with [Root bean: class=org.springframework.data.jpa.repository.support.JpaRepositoryFactoryBean; scope=; abstract=false; lazyInit=false; autowireMode=0; dependencyCheck=0; autowireCandidate=true; primary=false; fallback=false; factoryBeanName=null; factoryMethodName=null; initMethodNames=null; destroyMethodNames=null; defined in com.system.morapack.dao.morapack_psql.repository.FlightRepository defined in @EnableJpaRepositories declared on JpaRepositoriesRegistrar.EnableJpaRepositoriesConfiguration]
2025-12-11T01:09:25.887-05:00  INFO 24080 --- [MoraPack] [  restartedMain] o.s.b.f.s.DefaultListableBeanFactory     : Overriding bean definition for bean 'travelPlanRepository' with a different definition: replacing [Root bean: class=org.springframework.data.jpa.repository.support.JpaRepositoryFactoryBean; scope=; abstract=false; lazyInit=false; autowireMode=0; dependencyCheck=0; autowireCandidate=true; primary=false; fallback=false; factoryBeanName=null; factoryMethodName=null; initMethodNames=null; destroyMethodNames=null; defined in com.system.morapack.dao.morapack_psql.repository.TravelPlanRepository defined in @EnableJpaRepositories declared on JpaRepositoriesRegistrar.EnableJpaRepositoriesConfiguration] with [Root bean: class=org.springframework.data.jpa.repository.support.JpaRepositoryFactoryBean; scope=; abstract=false; lazyInit=false; autowireMode=0; dependencyCheck=0; autowireCandidate=true; primary=false; fallback=false; factoryBeanName=null; factoryMethodName=null; initMethodNames=null; destroyMethodNames=null; defined in com.system.morapack.dao.morapack_psql.repository.TravelPlanRepository defined in @EnableJpaRepositories declared on JpaRepositoriesRegistrar.EnableJpaRepositoriesConfiguration]
2025-12-11T01:09:25.889-05:00  INFO 24080 --- [MoraPack] [  restartedMain] o.s.b.f.s.DefaultListableBeanFactory     : Overriding bean definition for bean 'trackingEventRepository' with a different definition: replacing [Root bean: class=org.springframework.data.jpa.repository.support.JpaRepositoryFactoryBean; scope=; abstract=false; lazyInit=false; autowireMode=0; dependencyCheck=0; autowireCandidate=true; primary=false; fallback=false; factoryBeanName=null; factoryMethodName=null; initMethodNames=null; destroyMethodNames=null; defined in com.system.morapack.dao.morapack_psql.repository.TrackingEventRepository defined in @EnableJpaRepositories declared on JpaRepositoriesRegistrar.EnableJpaRepositoriesConfiguration] with [Root bean: class=org.springframework.data.jpa.repository.support.JpaRepositoryFactoryBean; scope=; abstract=false; lazyInit=false; autowireMode=0; dependencyCheck=0; autowireCandidate=true; primary=false; fallback=false; factoryBeanName=null; factoryMethodName=null; initMethodNames=null; destroyMethodNames=null; defined in com.system.morapack.dao.morapack_psql.repository.TrackingEventRepository defined in @EnableJpaRepositories declared on JpaRepositoriesRegistrar.EnableJpaRepositoriesConfiguration]
2025-12-11T01:09:25.890-05:00  INFO 24080 --- [MoraPack] [  restartedMain] o.s.b.f.s.DefaultListableBeanFactory     : Overriding bean definition for bean 'warehouseRepository' with a different definition: replacing [Root bean: class=org.springframework.data.jpa.repository.support.JpaRepositoryFactoryBean; scope=; abstract=false; lazyInit=false; autowireMode=0; dependencyCheck=0; autowireCandidate=true; primary=false; fallback=false; factoryBeanName=null; factoryMethodName=null; initMethodNames=null; destroyMethodNames=null; defined in com.system.morapack.dao.morapack_psql.repository.WarehouseRepository defined in @EnableJpaRepositories declared on JpaRepositoriesRegistrar.EnableJpaRepositoriesConfiguration] with [Root bean: class=org.springframework.data.jpa.repository.support.JpaRepositoryFactoryBean; scope=; abstract=false; lazyInit=false; autowireMode=0; dependencyCheck=0; autowireCandidate=true; primary=false; fallback=false; factoryBeanName=null; factoryMethodName=null; initMethodNames=null; destroyMethodNames=null; defined in com.system.morapack.dao.morapack_psql.repository.WarehouseRepository defined in @EnableJpaRepositories declared on JpaRepositoriesRegistrar.EnableJpaRepositoriesConfiguration]
2025-12-11T01:09:25.891-05:00  INFO 24080 --- [MoraPack] [  restartedMain] o.s.b.f.s.DefaultListableBeanFactory     : Overriding bean definition for bean 'orderRepository' with a different definition: replacing [Root bean: class=org.springframework.data.jpa.repository.support.JpaRepositoryFactoryBean; scope=; abstract=false; lazyInit=false; autowireMode=0; dependencyCheck=0; autowireCandidate=true; primary=false; fallback=false; factoryBeanName=null; factoryMethodName=null; initMethodNames=null; destroyMethodNames=null; defined in com.system.morapack.dao.morapack_psql.repository.OrderRepository defined in @EnableJpaRepositories declared on JpaRepositoriesRegistrar.EnableJpaRepositoriesConfiguration] with [Root bean: class=org.springframework.data.jpa.repository.support.JpaRepositoryFactoryBean; scope=; abstract=false; lazyInit=false; autowireMode=0; dependencyCheck=0; autowireCandidate=true; primary=false; fallback=false; factoryBeanName=null; factoryMethodName=null; initMethodNames=null; destroyMethodNames=null; defined in com.system.morapack.dao.morapack_psql.repository.OrderRepository defined in @EnableJpaRepositories declared on JpaRepositoriesRegistrar.EnableJpaRepositoriesConfiguration]
2025-12-11T01:09:25.892-05:00  INFO 24080 --- [MoraPack] [  restartedMain] o.s.b.f.s.DefaultListableBeanFactory     : Overriding bean definition for bean 'scenarioParametersRepository' with a different definition: replacing [Root bean: class=org.springframework.data.jpa.repository.support.JpaRepositoryFactoryBean; scope=; abstract=false; lazyInit=false; autowireMode=0; dependencyCheck=0; autowireCandidate=true; primary=false; fallback=false; factoryBeanName=null; factoryMethodName=null; initMethodNames=null; destroyMethodNames=null; defined in com.system.morapack.dao.morapack_psql.repository.ScenarioParametersRepository defined in @EnableJpaRepositories declared on JpaRepositoriesRegistrar.EnableJpaRepositoriesConfiguration] with [Root bean: class=org.springframework.data.jpa.repository.support.JpaRepositoryFactoryBean; scope=; abstract=false; lazyInit=false; autowireMode=0; dependencyCheck=0; autowireCandidate=true; primary=false; fallback=false; factoryBeanName=null; factoryMethodName=null; initMethodNames=null; destroyMethodNames=null; defined in com.system.morapack.dao.morapack_psql.repository.ScenarioParametersRepository defined in @EnableJpaRepositories declared on JpaRepositoriesRegistrar.EnableJpaRepositoriesConfiguration]
2025-12-11T01:09:25.893-05:00  INFO 24080 --- [MoraPack] [  restartedMain] o.s.b.f.s.DefaultListableBeanFactory     : Overriding bean definition for bean 'alertRepository' with a different definition: replacing [Root bean: class=org.springframework.data.jpa.repository.support.JpaRepositoryFactoryBean; scope=; abstract=false; lazyInit=false; autowireMode=0; dependencyCheck=0; autowireCandidate=true; primary=false; fallback=false; factoryBeanName=null; factoryMethodName=null; initMethodNames=null; destroyMethodNames=null; defined in com.system.morapack.dao.morapack_psql.repository.AlertRepository defined in @EnableJpaRepositories declared on JpaRepositoriesRegistrar.EnableJpaRepositoriesConfiguration] with [Root bean: class=org.springframework.data.jpa.repository.support.JpaRepositoryFactoryBean; scope=; abstract=false; lazyInit=false; autowireMode=0; dependencyCheck=0; autowireCandidate=true; primary=false; fallback=false; factoryBeanName=null; factoryMethodName=null; initMethodNames=null; destroyMethodNames=null; defined in com.system.morapack.dao.morapack_psql.repository.AlertRepository defined in @EnableJpaRepositories declared on JpaRepositoriesRegistrar.EnableJpaRepositoriesConfiguration]
2025-12-11T01:09:25.894-05:00  INFO 24080 --- [MoraPack] [  restartedMain] o.s.b.f.s.DefaultListableBeanFactory     : Overriding bean definition for bean 'customerRepository' with a different definition: replacing [Root bean: class=org.springframework.data.jpa.repository.support.JpaRepositoryFactoryBean; scope=; abstract=false; lazyInit=false; autowireMode=0; dependencyCheck=0; autowireCandidate=true; primary=false; fallback=false; factoryBeanName=null; factoryMethodName=null; initMethodNames=null; destroyMethodNames=null; defined in com.system.morapack.dao.morapack_psql.repository.CustomerRepository defined in @EnableJpaRepositories declared on JpaRepositoriesRegistrar.EnableJpaRepositoriesConfiguration] with [Root bean: class=org.springframework.data.jpa.repository.support.JpaRepositoryFactoryBean; scope=; abstract=false; lazyInit=false; autowireMode=0; dependencyCheck=0; autowireCandidate=true; primary=false; fallback=false; factoryBeanName=null; factoryMethodName=null; initMethodNames=null; destroyMethodNames=null; defined in com.system.morapack.dao.morapack_psql.repository.CustomerRepository defined in @EnableJpaRepositories declared on JpaRepositoriesRegistrar.EnableJpaRepositoriesConfiguration]
2025-12-11T01:09:25.894-05:00  INFO 24080 --- [MoraPack] [  restartedMain] o.s.b.f.s.DefaultListableBeanFactory     : Overriding bean definition for bean 'userRepository' with a different definition: replacing [Root bean: class=org.springframework.data.jpa.repository.support.JpaRepositoryFactoryBean; scope=; abstract=false; lazyInit=false; autowireMode=0; dependencyCheck=0; autowireCandidate=true; primary=false; fallback=false; factoryBeanName=null; factoryMethodName=null; initMethodNames=null; destroyMethodNames=null; defined in com.system.morapack.dao.morapack_psql.repository.UserRepository defined in @EnableJpaRepositories declared on JpaRepositoriesRegistrar.EnableJpaRepositoriesConfiguration] with [Root bean: class=org.springframework.data.jpa.repository.support.JpaRepositoryFactoryBean; scope=; abstract=false; lazyInit=false; autowireMode=0; dependencyCheck=0; autowireCandidate=true; primary=false; fallback=false; factoryBeanName=null; factoryMethodName=null; initMethodNames=null; destroyMethodNames=null; defined in com.system.morapack.dao.morapack_psql.repository.UserRepository defined in @EnableJpaRepositories declared on JpaRepositoriesRegistrar.EnableJpaRepositoriesConfiguration]
2025-12-11T01:09:25.895-05:00  INFO 24080 --- [MoraPack] [  restartedMain] o.s.b.f.s.DefaultListableBeanFactory     : Overriding bean definition for bean 'airportRepository' with a different definition: replacing [Root bean: class=org.springframework.data.jpa.repository.support.JpaRepositoryFactoryBean; scope=; abstract=false; lazyInit=false; autowireMode=0; dependencyCheck=0; autowireCandidate=true; primary=false; fallback=false; factoryBeanName=null; factoryMethodName=null; initMethodNames=null; destroyMethodNames=null; defined in com.system.morapack.dao.morapack_psql.repository.AirportRepository defined in @EnableJpaRepositories declared on JpaRepositoriesRegistrar.EnableJpaRepositoriesConfiguration] with [Root bean: class=org.springframework.data.jpa.repository.support.JpaRepositoryFactoryBean; scope=; abstract=false; lazyInit=false; autowireMode=0; dependencyCheck=0; autowireCandidate=true; primary=false; fallback=false; factoryBeanName=null; factoryMethodName=null; initMethodNames=null; destroyMethodNames=null; defined in com.system.morapack.dao.morapack_psql.repository.AirportRepository defined in @EnableJpaRepositories declared on JpaRepositoriesRegistrar.EnableJpaRepositoriesConfiguration]
2025-12-11T01:09:25.896-05:00  INFO 24080 --- [MoraPack] [  restartedMain] o.s.b.f.s.DefaultListableBeanFactory     : Overriding bean definition for bean 'solutionRepository' with a different definition: replacing [Root bean: class=org.springframework.data.jpa.repository.support.JpaRepositoryFactoryBean; scope=; abstract=false; lazyInit=false; autowireMode=0; dependencyCheck=0; autowireCandidate=true; primary=false; fallback=false; factoryBeanName=null; factoryMethodName=null; initMethodNames=null; destroyMethodNames=null; defined in com.system.morapack.dao.morapack_psql.repository.SolutionRepository defined in @EnableJpaRepositories declared on JpaRepositoriesRegistrar.EnableJpaRepositoriesConfiguration] with [Root bean: class=org.springframework.data.jpa.repository.support.JpaRepositoryFactoryBean; scope=; abstract=false; lazyInit=false; autowireMode=0; dependencyCheck=0; autowireCandidate=true; primary=false; fallback=false; factoryBeanName=null; factoryMethodName=null; initMethodNames=null; destroyMethodNames=null; defined in com.system.morapack.dao.morapack_psql.repository.SolutionRepository defined in @EnableJpaRepositories declared on JpaRepositoriesRegistrar.EnableJpaRepositoriesConfiguration]
2025-12-11T01:09:25.897-05:00  INFO 24080 --- [MoraPack] [  restartedMain] o.s.b.f.s.DefaultListableBeanFactory     : Overriding bean definition for bean 'routeRepository' with a different definition: replacing [Root bean: class=org.springframework.data.jpa.repository.support.JpaRepositoryFactoryBean; scope=; abstract=false; lazyInit=false; autowireMode=0; dependencyCheck=0; autowireCandidate=true; primary=false; fallback=false; factoryBeanName=null; factoryMethodName=null; initMethodNames=null; destroyMethodNames=null; defined in com.system.morapack.dao.morapack_psql.repository.RouteRepository defined in @EnableJpaRepositories declared on JpaRepositoriesRegistrar.EnableJpaRepositoriesConfiguration] with [Root bean: class=org.springframework.data.jpa.repository.support.JpaRepositoryFactoryBean; scope=; abstract=false; lazyInit=false; autowireMode=0; dependencyCheck=0; autowireCandidate=true; primary=false; fallback=false; factoryBeanName=null; factoryMethodName=null; initMethodNames=null; destroyMethodNames=null; defined in com.system.morapack.dao.morapack_psql.repository.RouteRepository defined in @EnableJpaRepositories declared on JpaRepositoriesRegistrar.EnableJpaRepositoriesConfiguration]
2025-12-11T01:09:25.898-05:00  INFO 24080 --- [MoraPack] [  restartedMain] o.s.b.f.s.DefaultListableBeanFactory     : Overriding bean definition for bean 'productFlightRepository' with a different definition: replacing [Root bean: class=org.springframework.data.jpa.repository.support.JpaRepositoryFactoryBean; scope=; abstract=false; lazyInit=false; autowireMode=0; dependencyCheck=0; autowireCandidate=true; primary=false; fallback=false; factoryBeanName=null; factoryMethodName=null; initMethodNames=null; destroyMethodNames=null; defined in com.system.morapack.dao.morapack_psql.repository.ProductFlightRepository defined in @EnableJpaRepositories declared on JpaRepositoriesRegistrar.EnableJpaRepositoriesConfiguration] with [Root bean: class=org.springframework.data.jpa.repository.support.JpaRepositoryFactoryBean; scope=; abstract=false; lazyInit=false; autowireMode=0; dependencyCheck=0; autowireCandidate=true; primary=false; fallback=false; factoryBeanName=null; factoryMethodName=null; initMethodNames=null; destroyMethodNames=null; defined in com.system.morapack.dao.morapack_psql.repository.ProductFlightRepository defined in @EnableJpaRepositories declared on JpaRepositoriesRegistrar.EnableJpaRepositoriesConfiguration]
2025-12-11T01:09:25.898-05:00  INFO 24080 --- [MoraPack] [  restartedMain] o.s.b.f.s.DefaultListableBeanFactory     : Overriding bean definition for bean 'flightSegmentRepository' with a different definition: replacing [Root bean: class=org.springframework.data.jpa.repository.support.JpaRepositoryFactoryBean; scope=; abstract=false; lazyInit=false; autowireMode=0; dependencyCheck=0; autowireCandidate=true; primary=false; fallback=false; factoryBeanName=null; factoryMethodName=null; initMethodNames=null; destroyMethodNames=null; defined in com.system.morapack.dao.morapack_psql.repository.FlightSegmentRepository defined in @EnableJpaRepositories declared on JpaRepositoriesRegistrar.EnableJpaRepositoriesConfiguration] with [Root bean: class=org.springframework.data.jpa.repository.support.JpaRepositoryFactoryBean; scope=; abstract=false; lazyInit=false; autowireMode=0; dependencyCheck=0; autowireCandidate=true; primary=false; fallback=false; factoryBeanName=null; factoryMethodName=null; initMethodNames=null; destroyMethodNames=null; defined in com.system.morapack.dao.morapack_psql.repository.FlightSegmentRepository defined in @EnableJpaRepositories declared on JpaRepositoriesRegistrar.EnableJpaRepositoriesConfiguration]
2025-12-11T01:09:25.899-05:00  INFO 24080 --- [MoraPack] [  restartedMain] .s.d.r.c.RepositoryConfigurationDelegate : Finished Spring Data repository scanning in 111 ms. Found 40 JPA repository interfaces.
2025-12-11T01:09:26.492-05:00  INFO 24080 --- [MoraPack] [  restartedMain] o.s.b.w.embedded.tomcat.TomcatWebServer  : Tomcat initialized with port 8080 (http)
2025-12-11T01:09:26.508-05:00  INFO 24080 --- [MoraPack] [  restartedMain] o.apache.catalina.core.StandardService   : Starting service [Tomcat]
2025-12-11T01:09:26.509-05:00  INFO 24080 --- [MoraPack] [  restartedMain] o.apache.catalina.core.StandardEngine    : Starting Servlet engine: [Apache Tomcat/10.1.44]
2025-12-11T01:09:26.548-05:00  INFO 24080 --- [MoraPack] [  restartedMain] o.a.c.c.C.[Tomcat].[localhost].[/]       : Initializing Spring embedded WebApplicationContext
2025-12-11T01:09:26.549-05:00  INFO 24080 --- [MoraPack] [  restartedMain] w.s.c.ServletWebServerApplicationContext : Root WebApplicationContext: initialization completed in 1699 ms
2025-12-11T01:09:26.724-05:00  INFO 24080 --- [MoraPack] [  restartedMain] o.hibernate.jpa.internal.util.LogHelper  : HHH000204: Processing PersistenceUnitInfo [name: default]
2025-12-11T01:09:26.758-05:00  INFO 24080 --- [MoraPack] [  restartedMain] org.hibernate.Version                    : HHH000412: Hibernate ORM core version 6.6.26.Final
2025-12-11T01:09:26.780-05:00  INFO 24080 --- [MoraPack] [  restartedMain] o.h.c.internal.RegionFactoryInitiator    : HHH000026: Second-level cache disabled
2025-12-11T01:09:26.978-05:00  INFO 24080 --- [MoraPack] [  restartedMain] o.s.o.j.p.SpringPersistenceUnitInfo      : No LoadTimeWeaver setup: ignoring JPA class transformer
2025-12-11T01:09:26.996-05:00  INFO 24080 --- [MoraPack] [  restartedMain] com.zaxxer.hikari.HikariDataSource       : HikariPool-1 - Starting...
2025-12-11T01:09:27.081-05:00  INFO 24080 --- [MoraPack] [  restartedMain] com.zaxxer.hikari.pool.HikariPool        : HikariPool-1 - Added connection org.postgresql.jdbc.PgConnection@59d6a07
2025-12-11T01:09:27.082-05:00  INFO 24080 --- [MoraPack] [  restartedMain] com.zaxxer.hikari.HikariDataSource       : HikariPool-1 - Start completed.
2025-12-11T01:09:27.136-05:00  INFO 24080 --- [MoraPack] [  restartedMain] org.hibernate.orm.connections.pooling    : HHH10001005: Database info:
	Database JDBC URL [Connecting through datasource 'HikariDataSource (HikariPool-1)']
	Database driver: undefined/unknown
	Database version: 13.11
	Autocommit mode: undefined/unknown
	Isolation level: undefined/unknown
	Minimum pool size: undefined/unknown
	Maximum pool size: undefined/unknown
2025-12-11T01:09:28.230-05:00  INFO 24080 --- [MoraPack] [  restartedMain] o.h.e.t.j.p.i.JtaPlatformInitiator       : HHH000489: No JTA platform available (set 'hibernate.transaction.jta.platform' to enable JTA platform integration)
2025-12-11T01:09:29.504-05:00  INFO 24080 --- [MoraPack] [  restartedMain] j.LocalContainerEntityManagerFactoryBean : Initialized JPA EntityManagerFactory for persistence unit 'default'
2025-12-11T01:09:29.739-05:00  INFO 24080 --- [MoraPack] [  restartedMain] o.s.d.j.r.query.QueryEnhancerFactory     : Hibernate is in classpath; If applicable, HQL parser will be used.
===========================================
INITIALIZING DATA SOURCE FACTORY
===========================================
[DataSourceContextInitializer] Spring context set successfully
[DataSourceContextInitializer] DATA_SOURCE_MODE: DATABASE
[DataSourceContextInitializer] Database mode available: true
===========================================

2025-12-11T01:09:32.180-05:00  WARN 24080 --- [MoraPack] [  restartedMain] JpaBaseConfiguration$JpaWebConfiguration : spring.jpa.open-in-view is enabled by default. Therefore, database queries may be performed during view rendering. Explicitly configure spring.jpa.open-in-view to disable this warning
2025-12-11T01:09:32.444-05:00  WARN 24080 --- [MoraPack] [  restartedMain] .s.s.UserDetailsServiceAutoConfiguration : 

Using generated security password: b7eb9470-b401-44c5-a8b8-1cdcb9c2ea04

This generated password is for development use only. Your security configuration must be updated before running your application in production.

2025-12-11T01:09:32.448-05:00  INFO 24080 --- [MoraPack] [  restartedMain] r$InitializeUserDetailsManagerConfigurer : Global AuthenticationManager configured with UserDetailsService bean with name inMemoryUserDetailsManager
2025-12-11T01:09:32.537-05:00  INFO 24080 --- [MoraPack] [  restartedMain] o.s.v.b.OptionalValidatorFactoryBean     : Failed to set up a Bean Validation provider: jakarta.validation.NoProviderFoundException: Unable to create a Configuration, because no Jakarta Bean Validation provider could be found. Add a provider like Hibernate Validator (RI) to your classpath.
2025-12-11T01:09:32.751-05:00  INFO 24080 --- [MoraPack] [  restartedMain] o.s.b.d.a.OptionalLiveReloadServer       : LiveReload server is running on port 35729
2025-12-11T01:09:32.810-05:00  INFO 24080 --- [MoraPack] [  restartedMain] o.s.b.w.embedded.tomcat.TomcatWebServer  : Tomcat started on port 8080 (http) with context path '/'
2025-12-11T01:09:32.823-05:00  INFO 24080 --- [MoraPack] [  restartedMain] o.s.s.config.TaskSchedulerRouter         : No TaskScheduler/ScheduledExecutorService bean found for scheduled processing
2025-12-11T01:09:32.829-05:00  INFO 24080 --- [MoraPack] [  restartedMain] c.system.morapack.MoraPackApplication    : Started MoraPackApplication in 9.107 seconds (process running for 9.535)
2025-12-11T01:09:59.825-05:00  INFO 24080 --- [MoraPack] [nio-8080-exec-1] o.a.c.c.C.[Tomcat].[localhost].[/]       : Initializing Spring DispatcherServlet 'dispatcherServlet'
2025-12-11T01:09:59.826-05:00  INFO 24080 --- [MoraPack] [nio-8080-exec-1] o.s.web.servlet.DispatcherServlet        : Initializing Servlet 'dispatcherServlet'
2025-12-11T01:09:59.828-05:00  INFO 24080 --- [MoraPack] [nio-8080-exec-1] o.s.web.servlet.DispatcherServlet        : Completed initialization in 2 ms
===========================================
INITIALIZING COLLAPSE VISUAL SIMULATION
Start time: 2025-01-02T00:00
===========================================
========================================
CLEARING ALL ORDERS AND PRODUCTS
========================================
2025-12-11T01:09:59.901-05:00  WARN 24080 --- [MoraPack] [nio-8080-exec-1] o.h.engine.jdbc.spi.SqlExceptionHelper   : SQL Error: 0, SQLState: 23503
2025-12-11T01:09:59.901-05:00 ERROR 24080 --- [MoraPack] [nio-8080-exec-1] o.h.engine.jdbc.spi.SqlExceptionHelper   : ERROR: update or delete on table "products" violates foreign key constraint "fk8wci9hw9fviw60w7qdbpvjwix" on table "product_flights"
  Detail: Key (id)=(7998) is still referenced from table "product_flights".
Error clearing orders: JDBC exception executing SQL [DELETE FROM products] [ERROR: update or delete on table "products" violates foreign key constraint "fk8wci9hw9fviw60w7qdbpvjwix" on table "product_flights"
  Detail: Key (id)=(7998) is still referenced from table "product_flights".] [n/a]; SQL [n/a]; constraint [fk8wci9hw9fviw60w7qdbpvjwix]
org.springframework.dao.DataIntegrityViolationException: JDBC exception executing SQL [DELETE FROM products] [ERROR: update or delete on table "products" violates foreign key constraint "fk8wci9hw9fviw60w7qdbpvjwix" on table "product_flights"
  Detail: Key (id)=(7998) is still referenced from table "product_flights".] [n/a]; SQL [n/a]; constraint [fk8wci9hw9fviw60w7qdbpvjwix]
	at org.springframework.orm.jpa.vendor.HibernateJpaDialect.convertHibernateAccessException(HibernateJpaDialect.java:294)
	at org.springframework.orm.jpa.vendor.HibernateJpaDialect.convertHibernateAccessException(HibernateJpaDialect.java:256)
	at org.springframework.orm.jpa.vendor.HibernateJpaDialect.translateExceptionIfPossible(HibernateJpaDialect.java:241)
	at org.springframework.orm.jpa.AbstractEntityManagerFactoryBean.translateExceptionIfPossible(AbstractEntityManagerFactoryBean.java:560)
	at org.springframework.dao.support.ChainedPersistenceExceptionTranslator.translateExceptionIfPossible(ChainedPersistenceExceptionTranslator.java:61)
	at org.springframework.dao.support.DataAccessUtils.translateIfNecessary(DataAccessUtils.java:343)
	at org.springframework.dao.support.PersistenceExceptionTranslationInterceptor.invoke(PersistenceExceptionTranslationInterceptor.java:160)
	at org.springframework.aop.framework.ReflectiveMethodInvocation.proceed(ReflectiveMethodInvocation.java:184)
	at org.springframework.data.jpa.repository.support.CrudMethodMetadataPostProcessor$CrudMethodMetadataPopulatingMethodInterceptor.invoke(CrudMethodMetadataPostProcessor.java:136)
	at org.springframework.aop.framework.ReflectiveMethodInvocation.proceed(ReflectiveMethodInvocation.java:184)
	at org.springframework.aop.framework.JdkDynamicAopProxy.invoke(JdkDynamicAopProxy.java:223)
	at jdk.proxy4/jdk.proxy4.$Proxy163.deleteAllNative(Unknown Source)
	at com.system.morapack.dao.morapack_psql.service.ProductService.deleteAllNative(ProductService.java:133)
	at java.base/jdk.internal.reflect.DirectMethodHandleAccessor.invoke(DirectMethodHandleAccessor.java:103)
	at java.base/java.lang.reflect.Method.invoke(Method.java:580)
	at org.springframework.aop.support.AopUtils.invokeJoinpointUsingReflection(AopUtils.java:360)
	at org.springframework.aop.framework.ReflectiveMethodInvocation.invokeJoinpoint(ReflectiveMethodInvocation.java:196)
	at org.springframework.aop.framework.ReflectiveMethodInvocation.proceed(ReflectiveMethodInvocation.java:163)
	at org.springframework.transaction.interceptor.TransactionAspectSupport.invokeWithinTransaction(TransactionAspectSupport.java:380)
	at org.springframework.transaction.interceptor.TransactionInterceptor.invoke(TransactionInterceptor.java:119)
	at org.springframework.aop.framework.ReflectiveMethodInvocation.proceed(ReflectiveMethodInvocation.java:184)
	at org.springframework.aop.framework.CglibAopProxy$DynamicAdvisedInterceptor.intercept(CglibAopProxy.java:728)
	at com.system.morapack.dao.morapack_psql.service.ProductService$$SpringCGLIB$$0.deleteAllNative(<generated>)
	at com.system.morapack.bll.service.DataLoadService.clearAllOrders(DataLoadService.java:159)
	at java.base/jdk.internal.reflect.DirectMethodHandleAccessor.invoke(DirectMethodHandleAccessor.java:103)
	at java.base/java.lang.reflect.Method.invoke(Method.java:580)
	at org.springframework.aop.support.AopUtils.invokeJoinpointUsingReflection(AopUtils.java:360)
	at org.springframework.aop.framework.ReflectiveMethodInvocation.invokeJoinpoint(ReflectiveMethodInvocation.java:196)
	at org.springframework.aop.framework.ReflectiveMethodInvocation.proceed(ReflectiveMethodInvocation.java:163)
	at org.springframework.transaction.interceptor.TransactionAspectSupport.invokeWithinTransaction(TransactionAspectSupport.java:380)
	at org.springframework.transaction.interceptor.TransactionInterceptor.invoke(TransactionInterceptor.java:119)
	at org.springframework.aop.framework.ReflectiveMethodInvocation.proceed(ReflectiveMethodInvocation.java:184)
	at org.springframework.aop.framework.CglibAopProxy$DynamicAdvisedInterceptor.intercept(CglibAopProxy.java:728)
	at com.system.morapack.bll.service.DataLoadService$$SpringCGLIB$$1.clearAllOrders(<generated>)
	at com.system.morapack.bll.controller.AlgorithmController.initCollapseVisualSimulation(AlgorithmController.java:1409)
	at com.system.morapack.api.AlgorithmAPI.initCollapseVisual(AlgorithmAPI.java:273)
	at java.base/jdk.internal.reflect.DirectMethodHandleAccessor.invoke(DirectMethodHandleAccessor.java:103)
	at java.base/java.lang.reflect.Method.invoke(Method.java:580)
	at org.springframework.web.method.support.InvocableHandlerMethod.doInvoke(InvocableHandlerMethod.java:258)
	at org.springframework.web.method.support.InvocableHandlerMethod.invokeForRequest(InvocableHandlerMethod.java:191)
	at org.springframework.web.servlet.mvc.method.annotation.ServletInvocableHandlerMethod.invokeAndHandle(ServletInvocableHandlerMethod.java:118)
	at org.springframework.web.servlet.mvc.method.annotation.RequestMappingHandlerAdapter.invokeHandlerMethod(RequestMappingHandlerAdapter.java:991)
	at org.springframework.web.servlet.mvc.method.annotation.RequestMappingHandlerAdapter.handleInternal(RequestMappingHandlerAdapter.java:896)
	at org.springframework.web.servlet.mvc.method.AbstractHandlerMethodAdapter.handle(AbstractHandlerMethodAdapter.java:87)
	at org.springframework.web.servlet.DispatcherServlet.doDispatch(DispatcherServlet.java:1089)
	at org.springframework.web.servlet.DispatcherServlet.doService(DispatcherServlet.java:979)
	at org.springframework.web.servlet.FrameworkServlet.processRequest(FrameworkServlet.java:1014)
	at org.springframework.web.servlet.FrameworkServlet.doPost(FrameworkServlet.java:914)
	at jakarta.servlet.http.HttpServlet.service(HttpServlet.java:590)
	at org.springframework.web.servlet.FrameworkServlet.service(FrameworkServlet.java:885)
	at jakarta.servlet.http.HttpServlet.service(HttpServlet.java:658)
	at org.apache.catalina.core.ApplicationFilterChain.internalDoFilter(ApplicationFilterChain.java:195)
	at org.apache.catalina.core.ApplicationFilterChain.doFilter(ApplicationFilterChain.java:140)
	at org.apache.tomcat.websocket.server.WsFilter.doFilter(WsFilter.java:51)
	at org.apache.catalina.core.ApplicationFilterChain.internalDoFilter(ApplicationFilterChain.java:164)
	at org.apache.catalina.core.ApplicationFilterChain.doFilter(ApplicationFilterChain.java:140)
	at org.springframework.web.filter.CompositeFilter$VirtualFilterChain.doFilter(CompositeFilter.java:108)
	at org.springframework.web.filter.CompositeFilter$VirtualFilterChain.doFilter(CompositeFilter.java:108)
	at org.springframework.security.web.FilterChainProxy.lambda$doFilterInternal$3(FilterChainProxy.java:231)
	at org.springframework.security.web.FilterChainProxy$VirtualFilterChain.doFilter(FilterChainProxy.java:365)
	at org.springframework.security.web.access.intercept.AuthorizationFilter.doFilter(AuthorizationFilter.java:101)
	at org.springframework.security.web.FilterChainProxy$VirtualFilterChain.doFilter(FilterChainProxy.java:374)
	at org.springframework.security.web.access.ExceptionTranslationFilter.doFilter(ExceptionTranslationFilter.java:125)
	at org.springframework.security.web.access.ExceptionTranslationFilter.doFilter(ExceptionTranslationFilter.java:119)
	at org.springframework.security.web.FilterChainProxy$VirtualFilterChain.doFilter(FilterChainProxy.java:374)
	at org.springframework.security.web.authentication.AnonymousAuthenticationFilter.doFilter(AnonymousAuthenticationFilter.java:100)
	at org.springframework.security.web.FilterChainProxy$VirtualFilterChain.doFilter(FilterChainProxy.java:374)
	at org.springframework.security.web.servletapi.SecurityContextHolderAwareRequestFilter.doFilter(SecurityContextHolderAwareRequestFilter.java:179)
	at org.springframework.security.web.FilterChainProxy$VirtualFilterChain.doFilter(FilterChainProxy.java:374)
	at org.springframework.security.web.savedrequest.RequestCacheAwareFilter.doFilter(RequestCacheAwareFilter.java:63)
	at org.springframework.security.web.FilterChainProxy$VirtualFilterChain.doFilter(FilterChainProxy.java:374)
	at org.springframework.security.web.authentication.logout.LogoutFilter.doFilter(LogoutFilter.java:107)
	at org.springframework.security.web.authentication.logout.LogoutFilter.doFilter(LogoutFilter.java:93)
	at org.springframework.security.web.FilterChainProxy$VirtualFilterChain.doFilter(FilterChainProxy.java:374)
	at org.springframework.web.filter.CorsFilter.doFilterInternal(CorsFilter.java:91)
	at org.springframework.web.filter.OncePerRequestFilter.doFilter(OncePerRequestFilter.java:116)
	at org.springframework.security.web.FilterChainProxy$VirtualFilterChain.doFilter(FilterChainProxy.java:374)
	at org.springframework.security.web.header.HeaderWriterFilter.doHeadersAfter(HeaderWriterFilter.java:90)
	at org.springframework.security.web.header.HeaderWriterFilter.doFilterInternal(HeaderWriterFilter.java:75)
	at org.springframework.web.filter.OncePerRequestFilter.doFilter(OncePerRequestFilter.java:116)
	at org.springframework.security.web.FilterChainProxy$VirtualFilterChain.doFilter(FilterChainProxy.java:374)
	at org.springframework.security.web.context.SecurityContextHolderFilter.doFilter(SecurityContextHolderFilter.java:82)
	at org.springframework.security.web.context.SecurityContextHolderFilter.doFilter(SecurityContextHolderFilter.java:69)
	at org.springframework.security.web.FilterChainProxy$VirtualFilterChain.doFilter(FilterChainProxy.java:374)
	at org.springframework.security.web.context.request.async.WebAsyncManagerIntegrationFilter.doFilterInternal(WebAsyncManagerIntegrationFilter.java:62)
	at org.springframework.web.filter.OncePerRequestFilter.doFilter(OncePerRequestFilter.java:116)
	at org.springframework.security.web.FilterChainProxy$VirtualFilterChain.doFilter(FilterChainProxy.java:374)
	at org.springframework.security.web.session.DisableEncodeUrlFilter.doFilterInternal(DisableEncodeUrlFilter.java:42)
	at org.springframework.web.filter.OncePerRequestFilter.doFilter(OncePerRequestFilter.java:116)
	at org.springframework.security.web.FilterChainProxy$VirtualFilterChain.doFilter(FilterChainProxy.java:374)
	at org.springframework.security.web.FilterChainProxy.doFilterInternal(FilterChainProxy.java:233)
	at org.springframework.security.web.FilterChainProxy.doFilter(FilterChainProxy.java:191)
	at org.springframework.web.filter.CompositeFilter$VirtualFilterChain.doFilter(CompositeFilter.java:113)
	at org.springframework.web.filter.ServletRequestPathFilter.doFilter(ServletRequestPathFilter.java:52)
	at org.springframework.web.filter.CompositeFilter$VirtualFilterChain.doFilter(CompositeFilter.java:113)
	at org.springframework.web.filter.CompositeFilter.doFilter(CompositeFilter.java:74)
	at org.springframework.security.config.annotation.web.configuration.WebSecurityConfiguration$CompositeFilterChainProxy.doFilter(WebSecurityConfiguration.java:319)
	at org.springframework.web.filter.CompositeFilter$VirtualFilterChain.doFilter(CompositeFilter.java:113)
	at org.springframework.web.servlet.handler.HandlerMappingIntrospector.lambda$createCacheFilter$4(HandlerMappingIntrospector.java:267)
	at org.springframework.web.filter.CompositeFilter$VirtualFilterChain.doFilter(CompositeFilter.java:113)
	at org.springframework.web.filter.CompositeFilter.doFilter(CompositeFilter.java:74)
	at org.springframework.security.config.annotation.web.configuration.WebMvcSecurityConfiguration$CompositeFilterChainProxy.doFilter(WebMvcSecurityConfiguration.java:240)
	at org.springframework.web.filter.DelegatingFilterProxy.invokeDelegate(DelegatingFilterProxy.java:362)
	at org.springframework.web.filter.DelegatingFilterProxy.doFilter(DelegatingFilterProxy.java:278)
	at org.apache.catalina.core.ApplicationFilterChain.internalDoFilter(ApplicationFilterChain.java:164)
	at org.apache.catalina.core.ApplicationFilterChain.doFilter(ApplicationFilterChain.java:140)
	at org.springframework.web.filter.RequestContextFilter.doFilterInternal(RequestContextFilter.java:100)
	at org.springframework.web.filter.OncePerRequestFilter.doFilter(OncePerRequestFilter.java:116)
	at org.apache.catalina.core.ApplicationFilterChain.internalDoFilter(ApplicationFilterChain.java:164)
	at org.apache.catalina.core.ApplicationFilterChain.doFilter(ApplicationFilterChain.java:140)
	at org.springframework.web.filter.FormContentFilter.doFilterInternal(FormContentFilter.java:93)
	at org.springframework.web.filter.OncePerRequestFilter.doFilter(OncePerRequestFilter.java:116)
	at org.apache.catalina.core.ApplicationFilterChain.internalDoFilter(ApplicationFilterChain.java:164)
	at org.apache.catalina.core.ApplicationFilterChain.doFilter(ApplicationFilterChain.java:140)
	at org.springframework.web.filter.CharacterEncodingFilter.doFilterInternal(CharacterEncodingFilter.java:201)
	at org.springframework.web.filter.OncePerRequestFilter.doFilter(OncePerRequestFilter.java:116)
	at org.apache.catalina.core.ApplicationFilterChain.internalDoFilter(ApplicationFilterChain.java:164)
	at org.apache.catalina.core.ApplicationFilterChain.doFilter(ApplicationFilterChain.java:140)
	at org.apache.catalina.core.StandardWrapperValve.invoke(StandardWrapperValve.java:167)
	at org.apache.catalina.core.StandardContextValve.invoke(StandardContextValve.java:90)
	at org.apache.catalina.authenticator.AuthenticatorBase.invoke(AuthenticatorBase.java:483)
	at org.apache.catalina.core.StandardHostValve.invoke(StandardHostValve.java:116)
	at org.apache.catalina.valves.ErrorReportValve.invoke(ErrorReportValve.java:93)
	at org.apache.catalina.core.StandardEngineValve.invoke(StandardEngineValve.java:74)
	at org.apache.catalina.connector.CoyoteAdapter.service(CoyoteAdapter.java:344)
	at org.apache.coyote.http11.Http11Processor.service(Http11Processor.java:398)
	at org.apache.coyote.AbstractProcessorLight.process(AbstractProcessorLight.java:63)
	at org.apache.coyote.AbstractProtocol$ConnectionHandler.process(AbstractProtocol.java:903)
	at org.apache.tomcat.util.net.NioEndpoint$SocketProcessor.doRun(NioEndpoint.java:1769)
	at org.apache.tomcat.util.net.SocketProcessorBase.run(SocketProcessorBase.java:52)
	at org.apache.tomcat.util.threads.ThreadPoolExecutor.runWorker(ThreadPoolExecutor.java:1189)
	at org.apache.tomcat.util.threads.ThreadPoolExecutor$Worker.run(ThreadPoolExecutor.java:658)
	at org.apache.tomcat.util.threads.TaskThread$WrappingRunnable.run(TaskThread.java:63)
	at java.base/java.lang.Thread.run(Thread.java:1583)
Caused by: org.hibernate.exception.ConstraintViolationException: JDBC exception executing SQL [DELETE FROM products] [ERROR: update or delete on table "products" violates foreign key constraint "fk8wci9hw9fviw60w7qdbpvjwix" on table "product_flights"
  Detail: Key (id)=(7998) is still referenced from table "product_flights".] [n/a]
	at org.hibernate.exception.internal.SQLStateConversionDelegate.convert(SQLStateConversionDelegate.java:97)
	at org.hibernate.exception.internal.StandardSQLExceptionConverter.convert(StandardSQLExceptionConverter.java:58)
	at org.hibernate.engine.jdbc.spi.SqlExceptionHelper.convert(SqlExceptionHelper.java:108)
	at org.hibernate.engine.jdbc.spi.SqlExceptionHelper.convert(SqlExceptionHelper.java:94)
	at org.hibernate.sql.exec.internal.StandardJdbcMutationExecutor.execute(StandardJdbcMutationExecutor.java:104)
	at org.hibernate.query.sql.internal.NativeNonSelectQueryPlanImpl.executeUpdate(NativeNonSelectQueryPlanImpl.java:76)
	at org.hibernate.query.sql.internal.NativeQueryImpl.doExecuteUpdate(NativeQueryImpl.java:975)
	at org.hibernate.query.spi.AbstractQuery.executeUpdate(AbstractQuery.java:651)
	at org.springframework.data.jpa.repository.query.JpaQueryExecution$ModifyingExecution.doExecute(JpaQueryExecution.java:267)
	at org.springframework.data.jpa.repository.query.JpaQueryExecution.execute(JpaQueryExecution.java:93)
	at org.springframework.data.jpa.repository.query.AbstractJpaQuery.doExecute(AbstractJpaQuery.java:160)
	at org.springframework.data.jpa.repository.query.AbstractJpaQuery.execute(AbstractJpaQuery.java:148)
	at org.springframework.data.repository.core.support.RepositoryMethodInvoker.doInvoke(RepositoryMethodInvoker.java:170)
	at org.springframework.data.repository.core.support.RepositoryMethodInvoker.invoke(RepositoryMethodInvoker.java:158)
	at org.springframework.data.repository.core.support.QueryExecutorMethodInterceptor.doInvoke(QueryExecutorMethodInterceptor.java:170)
	at org.springframework.data.repository.core.support.QueryExecutorMethodInterceptor.invoke(QueryExecutorMethodInterceptor.java:149)
	at org.springframework.aop.framework.ReflectiveMethodInvocation.proceed(ReflectiveMethodInvocation.java:184)
	at org.springframework.data.projection.DefaultMethodInvokingMethodInterceptor.invoke(DefaultMethodInvokingMethodInterceptor.java:69)
	at org.springframework.aop.framework.ReflectiveMethodInvocation.proceed(ReflectiveMethodInvocation.java:184)
	at org.springframework.transaction.interceptor.TransactionAspectSupport.invokeWithinTransaction(TransactionAspectSupport.java:380)
	at org.springframework.transaction.interceptor.TransactionInterceptor.invoke(TransactionInterceptor.java:119)
	at org.springframework.aop.framework.ReflectiveMethodInvocation.proceed(ReflectiveMethodInvocation.java:184)
	at org.springframework.dao.support.PersistenceExceptionTranslationInterceptor.invoke(PersistenceExceptionTranslationInterceptor.java:138)
	... 127 more
Caused by: org.postgresql.util.PSQLException: ERROR: update or delete on table "products" violates foreign key constraint "fk8wci9hw9fviw60w7qdbpvjwix" on table "product_flights"
  Detail: Key (id)=(7998) is still referenced from table "product_flights".
	at org.postgresql.core.v3.QueryExecutorImpl.receiveErrorResponse(QueryExecutorImpl.java:2734)
	at org.postgresql.core.v3.QueryExecutorImpl.processResults(QueryExecutorImpl.java:2421)
	at org.postgresql.core.v3.QueryExecutorImpl.execute(QueryExecutorImpl.java:372)
	at org.postgresql.jdbc.PgStatement.executeInternal(PgStatement.java:518)
	at org.postgresql.jdbc.PgStatement.execute(PgStatement.java:435)
	at org.postgresql.jdbc.PgPreparedStatement.executeWithFlags(PgPreparedStatement.java:196)
	at org.postgresql.jdbc.PgPreparedStatement.executeUpdate(PgPreparedStatement.java:157)
	at com.zaxxer.hikari.pool.ProxyPreparedStatement.executeUpdate(ProxyPreparedStatement.java:61)
	at com.zaxxer.hikari.pool.HikariProxyPreparedStatement.executeUpdate(HikariProxyPreparedStatement.java)
	at org.hibernate.sql.exec.internal.StandardJdbcMutationExecutor.execute(StandardJdbcMutationExecutor.java:90)
	... 145 more
WARNING: Could not clear orders (may have FK constraints): Failed to clear orders
Continuing with existing data...

--- COLLAPSE VISUAL: Day 1 (2025-01-02) ---
========================================
LOADING ORDERS FROM FILES TO DATABASE
Data directory: data/products
Time window: 2025-01-02T00:00 to 2025-01-03T00:00
========================================
Initializing caches...
Airport cache initialized: 30 airports
Customer cache initialized: 32768 existing customers
Found 30 order files
Processing files ONE AT A TIME to avoid memory issues

========================================
PASS 1: SCANNING FOR UNIQUE CUSTOMERS
========================================
Scanning: _pedidos_LATI_.txt
  Scanned 139337 lines
Scanning: _pedidos_UMMS_.txt
  Scanned 147061 lines
Scanning: _pedidos_LOWW_.txt
  Scanned 175749 lines
Scanning: _pedidos_SCEL_.txt
  Scanned 149288 lines
Scanning: _pedidos_OSDI_.txt
  Scanned 166116 lines
Scanning: _pedidos_LBSF_.txt
  Scanned 152898 lines
Scanning: _pedidos_OERK_.txt
  Scanned 162763 lines
Scanning: _pedidos_EHAM_.txt
  Scanned 142581 lines
Scanning: _pedidos_OAKB_.txt
  Scanned 152038 lines
Scanning: _pedidos_OOMS_.txt
  Scanned 108588 lines
Scanning: _pedidos_SKBO_.txt
  Scanned 156676 lines
Scanning: _pedidos_SBBR_.txt
  Scanned 143068 lines
Scanning: _pedidos_SEQM_.txt
  Scanned 169167 lines
Scanning: _pedidos_SGAS_.txt
  Scanned 162262 lines
Scanning: _pedidos_VIDP_.txt
  Scanned 94871 lines
Scanning: _pedidos_OJAI_.txt
  Scanned 109417 lines
Scanning: _pedidos_LKPR_.txt
  Scanned 133514 lines
Scanning: _pedidos_SLLP_.txt
  Scanned 101288 lines
Scanning: _pedidos_OMDB_.txt
  Scanned 153025 lines
Scanning: _pedidos_SABE_.txt
  Scanned 102708 lines
Scanning: _pedidos_OYSN_.txt
  Scanned 153745 lines
Scanning: _pedidos_LDZA_.txt
  Scanned 106401 lines
Scanning: _pedidos_EKCH_.txt
  Scanned 173128 lines
Scanning: _pedidos_SUAA_.txt
  Scanned 169586 lines
Scanning: _pedidos_SPIM_.txt
  Scanned 148271 lines
Scanning: _pedidos_SVMI_.txt
  Scanned 176118 lines
Scanning: _pedidos_UBBB_.txt
  Scanned 104334 lines
Scanning: _pedidos_EDDI_.txt
  Scanned 107092 lines
Scanning: _pedidos_OPKC_.txt
  Scanned 144817 lines
Scanning: _pedidos_EBCI_.txt
  Scanned 121809 lines

========================================
BATCH CREATING CUSTOMERS
Unique customer IDs found: 32768
========================================
All customers already exist in database

========================================
PASS 2: LOADING ORDERS FILE BY FILE
========================================

Processing file: _pedidos_LATI_.txt (origin: LATI)
  Parsed 11 orders from this file
  Inserting 11 orders to database...
WARNING: All 11 orders already exist, skipping insert
Updating initial warehouse capacities...
  ✓ Inserted 0 orders
  Total so far: 0 orders

Processing file: _pedidos_UMMS_.txt (origin: UMMS)
  Parsed 21 orders from this file
  Inserting 21 orders to database...
WARNING: All 21 orders already exist, skipping insert
Updating initial warehouse capacities...
  ✓ Inserted 0 orders
  Total so far: 0 orders

Processing file: _pedidos_LOWW_.txt (origin: LOWW)
  Parsed 21 orders from this file
  Inserting 21 orders to database...
WARNING: All 21 orders already exist, skipping insert
Updating initial warehouse capacities...
  ✓ Inserted 0 orders
  Total so far: 0 orders

Processing file: _pedidos_SCEL_.txt (origin: SCEL)
  Parsed 15 orders from this file
  Inserting 15 orders to database...
WARNING: All 15 orders already exist, skipping insert
Updating initial warehouse capacities...
  ✓ Inserted 0 orders
  Total so far: 0 orders

Processing file: _pedidos_OSDI_.txt (origin: OSDI)
  Parsed 6 orders from this file
  Inserting 6 orders to database...
WARNING: All 6 orders already exist, skipping insert
Updating initial warehouse capacities...
  ✓ Inserted 0 orders
  Total so far: 0 orders

Processing file: _pedidos_LBSF_.txt (origin: LBSF)
  Parsed 18 orders from this file
  Inserting 18 orders to database...
WARNING: All 18 orders already exist, skipping insert
Updating initial warehouse capacities...
  ✓ Inserted 0 orders
  Total so far: 0 orders

Processing file: _pedidos_OERK_.txt (origin: OERK)
  Parsed 21 orders from this file
  Inserting 21 orders to database...
WARNING: All 21 orders already exist, skipping insert
Updating initial warehouse capacities...
  ✓ Inserted 0 orders
  Total so far: 0 orders

Processing file: _pedidos_EHAM_.txt (origin: EHAM)
  Parsed 10 orders from this file
  Inserting 10 orders to database...
WARNING: All 10 orders already exist, skipping insert
Updating initial warehouse capacities...
  ✓ Inserted 0 orders
  Total so far: 0 orders

Processing file: _pedidos_OAKB_.txt (origin: OAKB)
  Parsed 15 orders from this file
  Inserting 15 orders to database...
WARNING: All 15 orders already exist, skipping insert
Updating initial warehouse capacities...
  ✓ Inserted 0 orders
  Total so far: 0 orders

Processing file: _pedidos_OOMS_.txt (origin: OOMS)
  Parsed 21 orders from this file
  Inserting 21 orders to database...
WARNING: All 21 orders already exist, skipping insert
Updating initial warehouse capacities...
  ✓ Inserted 0 orders
  Total so far: 0 orders

Processing file: _pedidos_SKBO_.txt (origin: SKBO)
  Parsed 12 orders from this file
  Inserting 12 orders to database...
WARNING: All 12 orders already exist, skipping insert
Updating initial warehouse capacities...
  ✓ Inserted 0 orders
  Total so far: 0 orders

Processing file: _pedidos_SBBR_.txt (origin: SBBR)
  Parsed 21 orders from this file
  Inserting 21 orders to database...
WARNING: All 21 orders already exist, skipping insert
Updating initial warehouse capacities...
  ✓ Inserted 0 orders
  Total so far: 0 orders

Processing file: _pedidos_SEQM_.txt (origin: SEQM)
  Parsed 21 orders from this file
  Inserting 21 orders to database...
WARNING: All 21 orders already exist, skipping insert
Updating initial warehouse capacities...
  ✓ Inserted 0 orders
  Total so far: 0 orders

Processing file: _pedidos_SGAS_.txt (origin: SGAS)
  Parsed 21 orders from this file
  Inserting 21 orders to database...
WARNING: All 21 orders already exist, skipping insert
Updating initial warehouse capacities...
  ✓ Inserted 0 orders
  Total so far: 0 orders

Processing file: _pedidos_VIDP_.txt (origin: VIDP)
  Parsed 21 orders from this file
  Inserting 21 orders to database...
WARNING: All 21 orders already exist, skipping insert
Updating initial warehouse capacities...
  ✓ Inserted 0 orders
  Total so far: 0 orders

Processing file: _pedidos_OJAI_.txt (origin: OJAI)
  Parsed 20 orders from this file
  Inserting 20 orders to database...
WARNING: All 20 orders already exist, skipping insert
Updating initial warehouse capacities...
  ✓ Inserted 0 orders
  Total so far: 0 orders

Processing file: _pedidos_LKPR_.txt (origin: LKPR)
  Parsed 13 orders from this file
  Inserting 13 orders to database...
WARNING: All 13 orders already exist, skipping insert
Updating initial warehouse capacities...
  ✓ Inserted 0 orders
  Total so far: 0 orders

Processing file: _pedidos_SLLP_.txt (origin: SLLP)
  Parsed 13 orders from this file
  Inserting 13 orders to database...
WARNING: All 13 orders already exist, skipping insert
Updating initial warehouse capacities...
  ✓ Inserted 0 orders
  Total so far: 0 orders

Processing file: _pedidos_OMDB_.txt (origin: OMDB)
  Parsed 20 orders from this file
  Inserting 20 orders to database...
WARNING: All 20 orders already exist, skipping insert
Updating initial warehouse capacities...
  ✓ Inserted 0 orders
  Total so far: 0 orders

Processing file: _pedidos_SABE_.txt (origin: SABE)
  Parsed 15 orders from this file
  Inserting 15 orders to database...
WARNING: All 15 orders already exist, skipping insert
Updating initial warehouse capacities...
  ✓ Inserted 0 orders
  Total so far: 0 orders

Processing file: _pedidos_OYSN_.txt (origin: OYSN)
  Parsed 14 orders from this file
  Inserting 14 orders to database...
WARNING: All 14 orders already exist, skipping insert
Updating initial warehouse capacities...
  ✓ Inserted 0 orders
  Total so far: 0 orders

Processing file: _pedidos_LDZA_.txt (origin: LDZA)
  Parsed 8 orders from this file
  Inserting 8 orders to database...
WARNING: All 8 orders already exist, skipping insert
Updating initial warehouse capacities...
  ✓ Inserted 0 orders
  Total so far: 0 orders

Processing file: _pedidos_EKCH_.txt (origin: EKCH)
  Parsed 5 orders from this file
  Inserting 5 orders to database...
WARNING: All 5 orders already exist, skipping insert
Updating initial warehouse capacities...
  ✓ Inserted 0 orders
  Total so far: 0 orders

Processing file: _pedidos_SUAA_.txt (origin: SUAA)
  Parsed 7 orders from this file
  Inserting 7 orders to database...
WARNING: All 7 orders already exist, skipping insert
Updating initial warehouse capacities...
  ✓ Inserted 0 orders
  Total so far: 0 orders

Processing file: _pedidos_SPIM_.txt (origin: SPIM)
  Parsed 9 orders from this file
  Inserting 9 orders to database...
WARNING: All 9 orders already exist, skipping insert
Updating initial warehouse capacities...
  ✓ Inserted 0 orders
  Total so far: 0 orders

Processing file: _pedidos_SVMI_.txt (origin: SVMI)
  Parsed 4 orders from this file
  Inserting 4 orders to database...
WARNING: All 4 orders already exist, skipping insert
Updating initial warehouse capacities...
  ✓ Inserted 0 orders
  Total so far: 0 orders

Processing file: _pedidos_UBBB_.txt (origin: UBBB)
  Parsed 7 orders from this file
  Inserting 7 orders to database...
WARNING: All 7 orders already exist, skipping insert
Updating initial warehouse capacities...
  ✓ Inserted 0 orders
  Total so far: 0 orders

Processing file: _pedidos_EDDI_.txt (origin: EDDI)
  Parsed 13 orders from this file
  Inserting 13 orders to database...
WARNING: All 13 orders already exist, skipping insert
Updating initial warehouse capacities...
  ✓ Inserted 0 orders
  Total so far: 0 orders

Processing file: _pedidos_OPKC_.txt (origin: OPKC)
  Parsed 20 orders from this file
  Inserting 20 orders to database...
WARNING: All 20 orders already exist, skipping insert
Updating initial warehouse capacities...
  ✓ Inserted 0 orders
  Total so far: 0 orders

Processing file: _pedidos_EBCI_.txt (origin: EBCI)
  Parsed 5 orders from this file
  Inserting 5 orders to database...
WARNING: All 5 orders already exist, skipping insert
Updating initial warehouse capacities...
  ✓ Inserted 0 orders
  Total so far: 0 orders

========================================
DATA LOAD COMPLETE
Orders loaded: 428
Orders created: 0
Orders filtered: 4227288
Customers created: 0
Parse errors: 0
Duration: 11 seconds
========================================
  New orders loaded: 0
  Total orders in system: 0
========================================
ALNS SOLUTION - TIME WINDOW MODE
Simulation Start: 2025-01-02T00:00
Simulation End:   2025-01-06T00:00
========================================
[FACTORY] Creating data source for mode: DATABASE
[FACTORY] Using DATABASE-based data source (PostgreSQL)
[DATABASE] Database-based data source initialized
[DATABASE] Using Spring Service layer (AirportService, FlightService, OrderService, ProductService)
========================================
DATA SOURCE: DATABASE
========================================
[DATABASE] Loading airports from PostgreSQL via AirportService...
[DATABASE] Loaded 30 airports from database
[DATABASE] Loading flights from PostgreSQL via FlightService...
[DATABASE] Loaded 2866 flights from database
Loading orders with time window filtering...
[DATABASE] Loading orders with time window filtering from PostgreSQL
[DATABASE] Time window: 2025-01-02T00:00 to 2025-01-06T00:00
Loaded order: Order-SPIM-000000031-SPIM
Loaded order: Order-UBBB-000000015-UBBB
Loaded order: Order-UBBB-000000025-UBBB
Loaded order: Order-SPIM-000000028-SPIM
Loaded order: Order-UBBB-000000023-UBBB
Loaded order: Order-SPIM-000000023-SPIM
Loaded order: Order-UBBB-000000033-UBBB
Loaded order: Order-SPIM-000000033-SPIM
Loaded order: Order-SPIM-000000027-SPIM
Loaded order: Order-SPIM-000000032-SPIM
Loaded order: Order-UBBB-000000016-UBBB
Loaded order: Order-UBBB-000000028-UBBB
Loaded order: Order-SPIM-000000020-SPIM
Loaded order: Order-SPIM-000000018-SPIM
Loaded order: Order-SPIM-000000035-SPIM
Loaded order: Order-UBBB-000000021-UBBB
Loaded order: Order-UBBB-000000020-UBBB
Loaded order: Order-SPIM-000000036-SPIM
Loaded order: Order-SPIM-000000026-SPIM
Loaded order: Order-UBBB-000000027-UBBB
Loaded order: Order-SPIM-000000024-SPIM
Loaded order: Order-UBBB-000000029-UBBB
Loaded order: Order-UBBB-000000032-UBBB
Loaded order: Order-SPIM-000000022-SPIM
Loaded order: Order-SPIM-000000034-SPIM
Loaded order: Order-UBBB-000000019-UBBB
Loaded order: Order-SPIM-000000019-SPIM
Loaded order: Order-SPIM-000000029-SPIM
Loaded order: Order-UBBB-000000024-UBBB
Loaded order: Order-UBBB-000000014-UBBB
Loaded order: Order-SPIM-000000008-SPIM
Loaded order: Order-SPIM-000000013-SPIM
Loaded order: Order-UBBB-000000010-UBBB
Loaded order: Order-UBBB-000000009-UBBB
Loaded order: Order-EBCI-000000006-EBCI
Loaded order: Order-UBBB-000000011-UBBB
Loaded order: Order-UBBB-000000013-UBBB
Loaded order: Order-SPIM-000000010-SPIM
Loaded order: Order-UBBB-000000005-UBBB
Loaded order: Order-SPIM-000000005-SPIM
Loaded order: Order-EBCI-000000004-EBCI
Loaded order: Order-UBBB-000000012-UBBB
Loaded order: Order-SPIM-000000015-SPIM
Loaded order: Order-EBCI-000000002-EBCI
Loaded order: Order-SPIM-000000003-SPIM
Loaded order: Order-SPIM-000000002-SPIM
Loaded order: Order-SPIM-000000006-SPIM
Loaded order: Order-EBCI-000000008-EBCI
Loaded order: Order-UBBB-000000001-UBBB
Loaded order: Order-UBBB-000000002-UBBB
Loaded order: Order-SPIM-000000001-SPIM
Loaded order: Order-UBBB-000000007-UBBB
Loaded order: Order-EBCI-000000001-EBCI
Loaded order: Order-SPIM-000000007-SPIM
Loaded order: Order-EBCI-000000003-EBCI
Loaded order: Order-UBBB-000000008-UBBB
Loaded order: Order-UBBB-000000003-UBBB
Loaded order: Order-EBCI-000000017-EBCI
Loaded order: Order-EBCI-000000014-EBCI
Loaded order: Order-EBCI-000000018-EBCI
Loaded order: Order-EBCI-000000010-EBCI
Loaded order: Order-EBCI-000000011-EBCI
Loaded order: Order-EBCI-000000009-EBCI
Loaded order: Order-EBCI-000000019-EBCI
Loaded order: Order-EBCI-000000016-EBCI
Loaded order: Order-EBCI-000000012-EBCI
Loaded order: Order-EBCI-000000015-EBCI
Loaded order: Order-EBCI-000000013-EBCI
Loaded order: Order-SPIM-000000011-SPIM
Loaded order: Order-EBCI-000000007-EBCI
Loaded order: Order-SPIM-000000012-SPIM
Loaded order: Order-EBCI-000000005-EBCI
Loaded order: Order-UBBB-000000006-UBBB
Loaded order: Order-SPIM-000000009-SPIM
Loaded order: Order-UBBB-000000004-UBBB
Loaded order: Order-SPIM-000000004-SPIM
Loaded order: Order-SPIM-000000014-SPIM
Loaded order: Order-UBBB-000000031-UBBB
Loaded order: Order-UBBB-000000026-UBBB
Loaded order: Order-UBBB-000000022-UBBB
Loaded order: Order-SPIM-000000025-SPIM
Loaded order: Order-SPIM-000000016-SPIM
Loaded order: Order-SPIM-000000021-SPIM
Loaded order: Order-UBBB-000000018-UBBB
Loaded order: Order-UBBB-000000030-UBBB
Loaded order: Order-UBBB-000000017-UBBB
Loaded order: Order-SPIM-000000030-SPIM
Loaded order: Order-SPIM-000000017-SPIM
[DATABASE] ===== ORDER LOADING SUMMARY (INCREMENTAL) =====
[DATABASE] Total orders in DB: 996
[DATABASE] Orders LOADED (pending assignment): 88
[DATABASE] Orders FILTERED by date: 0
[DATABASE] Orders FILTERED (fully assigned): 908
[DATABASE] Time window: 2025-01-02T00:00 to 2025-01-06T00:00
[DATABASE] ==========================================
UNITIZACIÓN APLICADA: 88 paquetes originales → 88 unidades de producto
Order splits tracking initialized (for batch persistence)
Cache inicializada: 30 ciudades
T0 inicializado: 2025-01-02T01:18
Inicializando RouteValidator (optimización O(1))...
Inicializando ProductTracker (seguimiento de productos)...

=== LOADING EXISTING DB STATE FOR INCREMENTAL SCHEDULING ===
[DATABASE] Loading existing product assignments for re-run support...
[DATABASE] Time window: 2025-01-02T00:00 to 2025-01-06T00:00
[DATABASE] Loaded 94 existing product assignments
[DATABASE] Skipped 1087 products (unassigned or completed)
[DATABASE] Flight instances with assignments: 48
Initialized flight capacities: 48 flights, 94 products loaded from DB
Initialized warehouse occupancy: 0 products in warehouses
DB state loaded successfully - algorithm will skip already-assigned products
=============================================================

Iniciando solución ALNS
Lectura de aeropuertos
Aeropuertos leídos: 30
Lectura de vuelos
Vuelos leídos: 2866
Lectura de productos
Productos leídos: 88

=== GENERANDO SOLUCIÓN INICIAL ===
=== GENERANDO SOLUCIÓN INICIAL GREEDY ===
Estrategia de ordenamiento: Por deadline optimizado
Iniciando algoritmo optimizado con 3 iteraciones...
  Iteración 0 completada: 88 paquetes asignados
Iteración 1 - Reasignación dinámica...
  Iteración 1 completada: 0 paquetes asignados
Initial solution generated: 88/88 orderSchemas assigned
SolutionSchema weight: 582450
Validando solución...
Solución válida: SÍ

========== DESCRIPCIÓN DE LA SOLUCIÓN ==========
Peso de la solución: 582450
Paquetes asignados: 88/88
Productos transportados: 88/88

----- Estadísticas de Rutas -----
Rutas directas: 0 (0.0%)
Rutas con 1 escala: 0 (0.0%)
Rutas con 2 escalas: 0 (0.0%)
Rutas en mismo continente: 88 (100.0%)
Rutas entre continentes: 0 (0.0%)
Entregas a tiempo: 88 (100.0% de asignados)
Entregas a tiempo del total: 88/88 (100.0%)

----- Ocupación de Almacenes -----
Ocupación promedio de almacenes: 0.0%
Almacenes llenos: 0/30

----- Picos de Ocupación Temporal -----

=== INICIANDO ALGORITMO ALNS ===
Peso de solución inicial: 582450
ALNS Iteración 0/1000
ALNS Iteración 100/1000
ALNS Iteración 200/1000
ALNS Iteración 300/1000
ALNS completado:
  Mejoras encontradas: 0
  Peso final: 582450
  Diversificaciones extremas aplicadas: 0/3

=== ACTUALIZANDO SEGUIMIENTO DE PRODUCTOS ===
Productos rastreados: 88

=== RESULTADO FINAL ALNS ===

========== DESCRIPCIÓN DE LA SOLUCIÓN ==========
Peso de la solución: 582450
Paquetes asignados: 88/88
Productos transportados: 88/88

----- Estadísticas de Rutas -----
Rutas directas: 0 (0.0%)
Rutas con 1 escala: 0 (0.0%)
Rutas con 2 escalas: 0 (0.0%)
Rutas en mismo continente: 88 (100.0%)
Rutas entre continentes: 0 (0.0%)
Entregas a tiempo: 88 (100.0% de asignados)
Entregas a tiempo del total: 88/88 (100.0%)

----- Ocupación de Almacenes -----
Ocupación promedio de almacenes: 0.0%
Almacenes llenos: 0/30

----- Picos de Ocupación Temporal -----

----- Rutas por Prioridad -----

Paquete #1569802321 (Prioridad: 1.00, Deadline: 2025-01-04T01:18)
  Origen: Lima (America)
  Destino: Lima (America)
  Ruta: Ya está en el destino

Paquete #1569827307 (Prioridad: 1.00, Deadline: 2025-01-04T01:29)
  Origen: Baku (Asia)
  Destino: Baku (Asia)
  Ruta: Ya está en el destino

Paquete #1569859981 (Prioridad: 1.00, Deadline: 2025-01-04T01:38)
  Origen: Bruselas (Europa)
  Destino: Bruselas (Europa)
  Ruta: Ya está en el destino

Paquete #1569803282 (Prioridad: 1.00, Deadline: 2025-01-04T02:34)
  Origen: Lima (America)
  Destino: Lima (America)
  Ruta: Ya está en el destino

Paquete #1569828268 (Prioridad: 1.00, Deadline: 2025-01-04T02:48)
  Origen: Baku (Asia)
  Destino: Baku (Asia)
  Ruta: Ya está en el destino

Paquete #1569860942 (Prioridad: 1.00, Deadline: 2025-01-04T03:16)
  Origen: Bruselas (Europa)
  Destino: Bruselas (Europa)
  Ruta: Ya está en el destino

Paquete #1569824424 (Prioridad: 1.00, Deadline: 2025-01-04T03:49)
  Origen: Lima (America)
  Destino: Lima (America)
  Ruta: Ya está en el destino

Paquete #1569829229 (Prioridad: 1.00, Deadline: 2025-01-04T04:16)
  Origen: Baku (Asia)
  Destino: Baku (Asia)
  Ruta: Ya está en el destino

Paquete #1569861903 (Prioridad: 1.00, Deadline: 2025-01-04T04:55)
  Origen: Bruselas (Europa)
  Destino: Bruselas (Europa)
  Ruta: Ya está en el destino

Paquete #1564107435 (Prioridad: 1.00, Deadline: 2025-01-04T05:06)
  Origen: Lima (America)
  Destino: Lima (America)
  Ruta: Ya está en el destino

... y 78 paquetes más (use nivel de detalle 3 para ver todos)

=================================================

=== PRODUCT TRACKING SUMMARY ===
Total Products: 88
Assigned Products: 88
Unassigned Products: 0
Total Orders: 88
Orders Fully Assigned: 88
Orders Partially Assigned: 0
Assignment Rate: 100.00%
================================

  [DEBUG] orderSplits null? false
  [DEBUG] orderSplits size: 88
  [DEBUG] Order Order-SPIM-000000020-SPIM has 1 splits
    qty=1, hasRoute=false, instanceCount=0
  [DEBUG] Order Order-UBBB-000000004-UBBB has 1 splits
    qty=1, hasRoute=false, instanceCount=0
  [DEBUG] Order Order-UBBB-000000012-UBBB has 1 splits
    qty=1, hasRoute=false, instanceCount=0
  Order splits stats: total=88, withInstances=0, instancesProcessed=0
  Unique flight instances collected: 0
========================================
PERSISTING ALGORITHM SOLUTION WITH FLIGHT INSTANCES
Total splits to persist: 88
========================================
Order Order-SPIM-000000020-SPIM: Preparing 1 product(s)
Order Order-UBBB-000000004-UBBB: Preparing 1 product(s)
Order Order-UBBB-000000012-UBBB: Preparing 1 product(s)
Order Order-EBCI-000000016-EBCI: Preparing 1 product(s)
Order Order-SPIM-000000018-SPIM: Preparing 1 product(s)
... (suppressing further 'Preparing' logs) ...
========================================
BATCH INSERTING 88 PRODUCTS
========================================
Deallocating warehouse capacity for IN_TRANSIT products...
========================================
PERSISTENCE WITH FLIGHT INSTANCES COMPLETE
Products created: 88
Orders processed: 88
========================================
  Persisted 88 products to DB
========================================
SIMULATION TIME UPDATE
Current simulation time: 2025-01-03T00:00
========================================
Active products to check: 103
Simulation start date (DAY-0): 2025-01-02T00:00
Active orders to check: 150
Warehouse 5 (City Lima): Released 1
Warehouse 14 (City Bruselas): Released 1
Warehouse 5 (City Lima): Released 1
Warehouse 5 (City Lima): Released 1
Warehouse 5 (City Lima): Released 1
Warehouse 5 (City Lima): Released 1
Warehouse 29 (City Baku): Released 1
Warehouse 5 (City Lima): Released 1
Warehouse 29 (City Baku): Released 1
Warehouse 5 (City Lima): Released 1
Warehouse 14 (City Bruselas): Released 1
Warehouse 29 (City Baku): Released 1
Warehouse 14 (City Bruselas): Released 1
Warehouse 29 (City Baku): Released 1
Warehouse 29 (City Baku): Released 1
Warehouse 5 (City Lima): Released 1
Warehouse 29 (City Baku): Released 1
Warehouse 5 (City Lima): Released 1
Warehouse 14 (City Bruselas): Released 1
Warehouse 29 (City Baku): Released 1
Warehouse 14 (City Bruselas): Released 1
Warehouse 29 (City Baku): Released 1
Warehouse 29 (City Baku): Released 1
Warehouse 5 (City Lima): Released 1
Warehouse 14 (City Bruselas): Released 1
Warehouse 29 (City Baku): Released 1
Warehouse 5 (City Lima): Released 1
Warehouse 5 (City Lima): Released 1
Warehouse 5 (City Lima): Released 1
Warehouse 29 (City Baku): Released 1
Warehouse 5 (City Lima): Released 1
Warehouse 5 (City Lima): Released 1
Warehouse 29 (City Baku): Released 1
Warehouse 14 (City Bruselas): Released 1
Warehouse 5 (City Lima): Released 1
Warehouse 5 (City Lima): Released 1
Warehouse 29 (City Baku): Released 1
Warehouse 29 (City Baku): Released 1
Warehouse 29 (City Baku): Released 1
Warehouse 14 (City Bruselas): Released 1
Warehouse 29 (City Baku): Released 1
Warehouse 5 (City Lima): Released 1
Warehouse 14 (City Bruselas): Released 1
Warehouse 5 (City Lima): Released 1
Warehouse 29 (City Baku): Released 1

=== SIMULATION UPDATE COMPLETE ===
State transitions:
  PENDING → IN_TRANSIT: 0
  IN_TRANSIT → ARRIVED: 0
  ARRIVED → DELIVERED: 0
Total transitions: 0
==================================

  State updates: PENDING->IN_TRANSIT=0, IN_TRANSIT->ARRIVED=0, ARRIVED->DELIVERED=0
  Products total: 88
  Assigned: 88
  Unassigned (backlog): 0
  Assignment rate: 100.0%
  Flight instances used: 0
2025-12-11T01:10:28.562-05:00  INFO 24080 --- [MoraPack] [ionShutdownHook] o.s.b.w.e.tomcat.GracefulShutdown        : Commencing graceful shutdown. Waiting for active requests to complete
2025-12-11T01:10:28.566-05:00  INFO 24080 --- [MoraPack] [tomcat-shutdown] o.s.b.w.e.tomcat.GracefulShutdown        : Graceful shutdown complete
2025-12-11T01:10:28.602-05:00  WARN 24080 --- [MoraPack] [ionShutdownHook] o.s.b.f.support.DisposableBeanAdapter    : Invocation of destroy method failed on bean with name 'eventPublicationRegistry': org.springframework.dao.InvalidDataAccessApiUsageException: org.hibernate.query.sqm.UnknownEntityException: Could not resolve root entity 'DefaultJpaEventPublication'
2025-12-11T01:10:28.610-05:00  INFO 24080 --- [MoraPack] [ionShutdownHook] j.LocalContainerEntityManagerFactoryBean : Closing JPA EntityManagerFactory for persistence unit 'default'
2025-12-11T01:10:28.614-05:00  WARN 24080 --- [MoraPack] [ionShutdownHook] o.s.b.f.support.DisposableBeanAdapter    : Invocation of destroy method failed on bean with name 'inMemoryDatabaseShutdownExecutor': org.springframework.boot.autoconfigure.jdbc.DataSourceProperties$DataSourceBeanCreationException: Failed to determine a suitable driver class
2025-12-11T01:10:28.615-05:00  INFO 24080 --- [MoraPack] [ionShutdownHook] com.zaxxer.hikari.HikariDataSource       : HikariPool-1 - Shutdown initiated...
2025-12-11T01:10:28.619-05:00  INFO 24080 --- [MoraPack] [ionShutdownHook] com.zaxxer.hikari.HikariDataSource       : HikariPool-1 - Shutdown completed.
